// Jest Snapshot v1, https://goo.gl/fbAQLP

exports[`Shallow snapshot matches 1`] = `
<div
  className="makeStyles-root-1"
>
  <WithStyles(ForwardRef(Typography))
    align="center"
    paragraph={true}
  >
    You will be one of the first to experience Broccoli & Co. when we launch
  </WithStyles(ForwardRef(Typography))>
  <WithStyles(ForwardRef(Button))
    color="primary"
    onClick={[Function]}
    size="large"
    variant="contained"
  >
    Ok
  </WithStyles(ForwardRef(Button))>
</div>
`;
